version https://git-lfs.github.com/spec/v1
oid sha256:f1cbdec2b56f7a2fd56bbdc285c19015c93be9dbc11282efd640a93cc90c5d5b
size 199248
