version https://git-lfs.github.com/spec/v1
oid sha256:6c766066ca9b86223e55cc8d18fcebbe706658d0743eb9dd325bb2c810d9f4de
size 1514787
