version https://git-lfs.github.com/spec/v1
oid sha256:1aaecbb55e7cfcfed4e9523f74b7ac7c5d73a015e02d46e7623aa6c61e3d0b80
size 1537467
