version https://git-lfs.github.com/spec/v1
oid sha256:deed53d7969279796058e545589fcd66eecc14ecc86f447c96b347e0e0fbddee
size 82858
