version https://git-lfs.github.com/spec/v1
oid sha256:66a3b2614f5a2ae8c8dd00b22365e3836744858ddc774e9272a4cad76e777193
size 82858
